  Identification des projets à restaurer...
  Restauration effectuée de d:\projects\GTD\GTD\PersonalGTD.Shared\PersonalGTD.Shared.csproj (en 385 ms).
  Restauration effectuée de d:\projects\GTD\GTD\PersonalGTD.Android\PersonalGTD.Android.csproj (en 465 ms).
  PersonalGTD.Shared -> d:\projects\GTD\GTD\PersonalGTD.Shared\bin\Debug\net10.0\PersonalGTD.Shared.dll
d:\projects\GTD\GTD\PersonalGTD.Android\PersonalGTD\Android\Runtime.cs(5,30): warning CS8618: Le propriété « AndroidEnvironment » non-nullable doit contenir une valeur autre que Null lors de la fermeture du constructeur. Envisagez d’ajouter le modificateur « required » ou de déclarer le propriété comme pouvant accepter la valeur Null. [d:\projects\GTD\GTD\PersonalGTD.Android\PersonalGTD.Android.csproj]
d:\projects\GTD\GTD\PersonalGTD.Android\PersonalGTD\Android\Webkit.cs(5,32): warning CS8618: Le champ « WebView » non-nullable doit contenir une valeur autre que Null lors de la fermeture du constructeur. Envisagez d’ajouter le modificateur « required » ou de déclarer le champ comme pouvant accepter la valeur Null. [d:\projects\GTD\GTD\PersonalGTD.Android\PersonalGTD.Android.csproj]
d:\projects\GTD\GTD\PersonalGTD.Android\Platforms\Android\NotificationWorker.cs(24,24): warning CS8603: Existence possible d'un retour de référence null. [d:\projects\GTD\GTD\PersonalGTD.Android\PersonalGTD.Android.csproj]
d:\projects\GTD\GTD\PersonalGTD.Android\Platforms\Android\NotificationWorker.cs(29,24): warning CS8603: Existence possible d'un retour de référence null. [d:\projects\GTD\GTD\PersonalGTD.Android\PersonalGTD.Android.csproj]
d:\projects\GTD\GTD\PersonalGTD.Android\Platforms\Android\MainActivity.cs(54,21): warning CS8602: Déréférencement d'une éventuelle référence null. [d:\projects\GTD\GTD\PersonalGTD.Android\PersonalGTD.Android.csproj]
d:\projects\GTD\GTD\PersonalGTD.Android\Platforms\Android\MainActivity.cs(70,41): warning CS8604: Existence possible d'un argument de référence null pour le paramètre 'networkType' dans 'Builder Builder.SetRequiredNetworkType(NetworkType networkType)'. [d:\projects\GTD\GTD\PersonalGTD.Android\PersonalGTD.Android.csproj]
d:\projects\GTD\GTD\PersonalGTD.Android\Platforms\Android\MainActivity.cs(77,49): warning CS8600: Conversion de littéral ayant une valeur null ou d'une éventuelle valeur null en type non-nullable. [d:\projects\GTD\GTD\PersonalGTD.Android\PersonalGTD.Android.csproj]
d:\projects\GTD\GTD\PersonalGTD.Android\Platforms\Android\MainActivity.cs(80,17): warning CS8604: Existence possible d'un argument de référence null pour le paramètre 'existingPeriodicWorkPolicy' dans 'IOperation WorkManager.EnqueueUniquePeriodicWork(string uniqueWorkName, ExistingPeriodicWorkPolicy existingPeriodicWorkPolicy, PeriodicWorkRequest request)'. [d:\projects\GTD\GTD\PersonalGTD.Android\PersonalGTD.Android.csproj]
d:\projects\GTD\GTD\PersonalGTD.Android\Platforms\Android\NotificationActionReceiver.cs(27,43): warning CS8600: Conversion de littéral ayant une valeur null ou d'une éventuelle valeur null en type non-nullable. [d:\projects\GTD\GTD\PersonalGTD.Android\PersonalGTD.Android.csproj]
d:\projects\GTD\GTD\PersonalGTD.Android\Platforms\Android\NotificationActionReceiver.cs(29,45): warning CS8604: Existence possible d'un argument de référence null pour le paramètre 'networkType' dans 'Builder Builder.SetRequiredNetworkType(NetworkType networkType)'. [d:\projects\GTD\GTD\PersonalGTD.Android\PersonalGTD.Android.csproj]
d:\projects\GTD\GTD\PersonalGTD.Android\Platforms\Android\NotificationActionReceiver.cs(37,45): warning CS8600: Conversion de littéral ayant une valeur null ou d'une éventuelle valeur null en type non-nullable. [d:\projects\GTD\GTD\PersonalGTD.Android\PersonalGTD.Android.csproj]
d:\projects\GTD\GTD\PersonalGTD.Android\Platforms\Android\NotificationActionReceiver.cs(40,21): warning CS8604: Existence possible d'un argument de référence null pour le paramètre 'existingWorkPolicy' dans 'IOperation WorkManager.EnqueueUniqueWork(string uniqueWorkName, ExistingWorkPolicy existingWorkPolicy, OneTimeWorkRequest request)'. [d:\projects\GTD\GTD\PersonalGTD.Android\PersonalGTD.Android.csproj]
d:\projects\GTD\GTD\PersonalGTD.Android\PersonalGTD\Android\Webkit.cs(5,32): warning CS0649: Le champ 'Webkit.WebView' n'est jamais assigné et aura toujours sa valeur par défaut null [d:\projects\GTD\GTD\PersonalGTD.Android\PersonalGTD.Android.csproj]
  PersonalGTD.Android -> d:\projects\GTD\GTD\PersonalGTD.Android\bin\Debug\net10.0-android\PersonalGTD.Android.dll
  PersonalGTD.Shared -> d:\projects\GTD\GTD\PersonalGTD.Shared\bin\Debug\net10.0\PersonalGTD.Shared.dll

La génération a réussi.

d:\projects\GTD\GTD\PersonalGTD.Android\PersonalGTD\Android\Runtime.cs(5,30): warning CS8618: Le propriété « AndroidEnvironment » non-nullable doit contenir une valeur autre que Null lors de la fermeture du constructeur. Envisagez d’ajouter le modificateur « required » ou de déclarer le propriété comme pouvant accepter la valeur Null. [d:\projects\GTD\GTD\PersonalGTD.Android\PersonalGTD.Android.csproj]
d:\projects\GTD\GTD\PersonalGTD.Android\PersonalGTD\Android\Webkit.cs(5,32): warning CS8618: Le champ « WebView » non-nullable doit contenir une valeur autre que Null lors de la fermeture du constructeur. Envisagez d’ajouter le modificateur « required » ou de déclarer le champ comme pouvant accepter la valeur Null. [d:\projects\GTD\GTD\PersonalGTD.Android\PersonalGTD.Android.csproj]
d:\projects\GTD\GTD\PersonalGTD.Android\Platforms\Android\NotificationWorker.cs(24,24): warning CS8603: Existence possible d'un retour de référence null. [d:\projects\GTD\GTD\PersonalGTD.Android\PersonalGTD.Android.csproj]
d:\projects\GTD\GTD\PersonalGTD.Android\Platforms\Android\NotificationWorker.cs(29,24): warning CS8603: Existence possible d'un retour de référence null. [d:\projects\GTD\GTD\PersonalGTD.Android\PersonalGTD.Android.csproj]
d:\projects\GTD\GTD\PersonalGTD.Android\Platforms\Android\MainActivity.cs(54,21): warning CS8602: Déréférencement d'une éventuelle référence null. [d:\projects\GTD\GTD\PersonalGTD.Android\PersonalGTD.Android.csproj]
d:\projects\GTD\GTD\PersonalGTD.Android\Platforms\Android\MainActivity.cs(70,41): warning CS8604: Existence possible d'un argument de référence null pour le paramètre 'networkType' dans 'Builder Builder.SetRequiredNetworkType(NetworkType networkType)'. [d:\projects\GTD\GTD\PersonalGTD.Android\PersonalGTD.Android.csproj]
d:\projects\GTD\GTD\PersonalGTD.Android\Platforms\Android\MainActivity.cs(77,49): warning CS8600: Conversion de littéral ayant une valeur null ou d'une éventuelle valeur null en type non-nullable. [d:\projects\GTD\GTD\PersonalGTD.Android\PersonalGTD.Android.csproj]
d:\projects\GTD\GTD\PersonalGTD.Android\Platforms\Android\MainActivity.cs(80,17): warning CS8604: Existence possible d'un argument de référence null pour le paramètre 'existingPeriodicWorkPolicy' dans 'IOperation WorkManager.EnqueueUniquePeriodicWork(string uniqueWorkName, ExistingPeriodicWorkPolicy existingPeriodicWorkPolicy, PeriodicWorkRequest request)'. [d:\projects\GTD\GTD\PersonalGTD.Android\PersonalGTD.Android.csproj]
d:\projects\GTD\GTD\PersonalGTD.Android\Platforms\Android\NotificationActionReceiver.cs(27,43): warning CS8600: Conversion de littéral ayant une valeur null ou d'une éventuelle valeur null en type non-nullable. [d:\projects\GTD\GTD\PersonalGTD.Android\PersonalGTD.Android.csproj]
d:\projects\GTD\GTD\PersonalGTD.Android\Platforms\Android\NotificationActionReceiver.cs(29,45): warning CS8604: Existence possible d'un argument de référence null pour le paramètre 'networkType' dans 'Builder Builder.SetRequiredNetworkType(NetworkType networkType)'. [d:\projects\GTD\GTD\PersonalGTD.Android\PersonalGTD.Android.csproj]
d:\projects\GTD\GTD\PersonalGTD.Android\Platforms\Android\NotificationActionReceiver.cs(37,45): warning CS8600: Conversion de littéral ayant une valeur null ou d'une éventuelle valeur null en type non-nullable. [d:\projects\GTD\GTD\PersonalGTD.Android\PersonalGTD.Android.csproj]
d:\projects\GTD\GTD\PersonalGTD.Android\Platforms\Android\NotificationActionReceiver.cs(40,21): warning CS8604: Existence possible d'un argument de référence null pour le paramètre 'existingWorkPolicy' dans 'IOperation WorkManager.EnqueueUniqueWork(string uniqueWorkName, ExistingWorkPolicy existingWorkPolicy, OneTimeWorkRequest request)'. [d:\projects\GTD\GTD\PersonalGTD.Android\PersonalGTD.Android.csproj]
d:\projects\GTD\GTD\PersonalGTD.Android\PersonalGTD\Android\Webkit.cs(5,32): warning CS0649: Le champ 'Webkit.WebView' n'est jamais assigné et aura toujours sa valeur par défaut null [d:\projects\GTD\GTD\PersonalGTD.Android\PersonalGTD.Android.csproj]
    13 Avertissement(s)
    0 Erreur(s)

Temps écoulé 00:03:23.07
